[33mÔØ»[39m Building...
[32mÔ£ö[39m Building...
[1mInitial chunk files[22m[2m | [22m[1mNames[22m        [2m | [22m [1mRaw size[22m[2m | [22m[1mEstimated transfer size[22m
[32mmain-JRNTMLOT.js[39m   [2m | [22m[2mmain[22m         [2m | [22m  [36m1.16 MB[39m[2m | [22m              [36m213.29 kB[39m
[32mstyles-2GZWIH5K.css[39m[2m | [22m[2mstyles[22m       [2m | [22m[36m620.61 kB[39m[2m | [22m               [36m72.05 kB[39m

[1m [22m                  [2m | [22m[1mInitial total[22m[2m | [22m  [1m1.78 MB[22m[2m | [22m              [1m285.34 kB[22m

Application bundle generation complete. [16.229 seconds] - 2026-03-25T13:01:04.046Z

Output location: C:\Users\DELL\Desktop\frontend-gearoil\dist\GearOil_FrontEnd

